// Jest Snapshot v1, https://goo.gl/fbAQLP

exports[`Pages / Admin / AdminLineRanking should render the page 1`] = `
<div
  class="line-ranking"
>
  <div
    class="line-ranking__search-container"
  >
    <div
      class="v-input theme--light v-text-field v-text-field--single-line v-text-field--solo v-text-field--enclosed v-select"
    >
      <div
        class="v-input__control"
      >
        <div
          aria-expanded="false"
          aria-haspopup="listbox"
          aria-owns="list-2"
          class="v-input__slot"
          role="button"
        >
          <div
            class="v-select__slot"
          >
            <label
              class="v-label theme--light"
              for="input-2"
              style="left: 0px; position: absolute;"
            >
              Resultado Buscas
            </label>
            <div
              class="v-select__selections"
            >
              <input
                aria-readonly="false"
                autocomplete="off"
                id="input-2"
                readonly="readonly"
                type="text"
              />
            </div>
            <div
              class="v-input__append-inner"
            >
              <div
                class="v-input__icon v-input__icon--append"
              >
                <i
                  aria-hidden="true"
                  class="v-icon notranslate mdi mdi-menu-down theme--light"
                />
              </div>
            </div>
            <input
              type="hidden"
            />
          </div>
          <div
            class="v-menu"
          >
            <!---->
          </div>
        </div>
        <div
          class="v-text-field__details"
        >
          <div
            class="v-messages theme--light"
          >
            <transition-group-stub
              class="v-messages__wrapper"
              name="message-transition"
              tag="div"
            />
          </div>
        </div>
      </div>
    </div>
     
    <div
      class="v-input theme--light v-text-field v-text-field--single-line v-text-field--solo v-text-field--enclosed"
    >
      <div
        class="v-input__control"
      >
        <div
          class="v-input__slot"
        >
          <div
            class="v-text-field__slot"
          >
            <label
              class="v-label theme--light"
              for="input-7"
              style="left: 0px; position: absolute;"
            >
              Limite
            </label>
            <input
              id="input-7"
              max="10"
              type="number"
            />
          </div>
        </div>
        <div
          class="v-text-field__details"
        >
          <div
            class="v-messages theme--light"
          >
            <transition-group-stub
              class="v-messages__wrapper"
              name="message-transition"
              tag="div"
            />
          </div>
        </div>
      </div>
    </div>
     
    <div
      class="v-input theme--light v-text-field v-text-field--single-line v-text-field--solo v-text-field--enclosed v-select"
    >
      <div
        class="v-input__control"
      >
        <div
          aria-expanded="false"
          aria-haspopup="listbox"
          aria-owns="list-10"
          class="v-input__slot"
          role="button"
        >
          <div
            class="v-select__slot"
          >
            <label
              class="v-label theme--light"
              for="input-10"
              style="left: 0px; position: absolute;"
            >
              Cid
            </label>
            <div
              class="v-select__selections"
            >
              <input
                aria-readonly="false"
                autocomplete="off"
                id="input-10"
                readonly="readonly"
                type="text"
              />
            </div>
            <div
              class="v-input__append-inner"
            >
              <div
                class="v-input__icon v-input__icon--append"
              >
                <i
                  aria-hidden="true"
                  class="v-icon notranslate mdi mdi-menu-down theme--light"
                />
              </div>
            </div>
            <input
              type="hidden"
            />
          </div>
          <div
            class="v-menu"
          >
            <!---->
          </div>
        </div>
        <div
          class="v-text-field__details"
        >
          <div
            class="v-messages theme--light"
          >
            <transition-group-stub
              class="v-messages__wrapper"
              name="message-transition"
              tag="div"
            />
          </div>
        </div>
      </div>
    </div>
     
    <div
      class="v-dialog__container"
    >
      <!---->
    </div>
    <div
      class="v-input daily-acces__input theme--light v-text-field v-text-field--single-line v-text-field--solo v-text-field--enclosed v-text-field--placeholder"
    >
      <div
        class="v-input__control"
      >
        <div
          class="v-input__slot"
        >
          <div
            class="v-text-field__slot"
          >
            <label
              class="v-label theme--light"
              for="input-16"
              style="left: 0px; position: absolute;"
            >
              Data in√≠cio
            </label>
            <input
              aria-expanded="false"
              aria-haspopup="true"
              id="input-16"
              role="button"
              type="text"
            />
          </div>
          <div
            class="v-input__append-inner"
          >
            <div />
          </div>
        </div>
        <div
          class="v-text-field__details"
        >
          <div
            class="v-messages theme--light"
          >
            <transition-group-stub
              class="v-messages__wrapper"
              name="message-transition"
              tag="div"
            />
          </div>
        </div>
      </div>
    </div>
     
    <div
      class="v-dialog__container"
    >
      <!---->
    </div>
    <div
      class="v-input daily-acces__input v-input--is-label-active v-input--is-dirty v-input--is-readonly theme--light v-text-field v-text-field--single-line v-text-field--solo v-text-field--enclosed v-text-field--placeholder"
    >
      <div
        class="v-input__control"
      >
        <div
          class="v-input__slot"
        >
          <div
            class="v-text-field__slot"
          >
            <input
              aria-expanded="false"
              aria-haspopup="true"
              id="input-20"
              readonly="readonly"
              role="button"
              type="text"
            />
          </div>
          <div
            class="v-input__append-inner"
          >
            <div
              class="v-input__icon v-input__icon--clear"
            >
              <button
                aria-label="clear icon"
                class="v-icon notranslate v-icon--link mdi mdi-close theme--light"
                type="button"
              />
            </div>
          </div>
        </div>
        <div
          class="v-text-field__details"
        >
          <div
            class="v-messages theme--light"
          >
            <transition-group-stub
              class="v-messages__wrapper"
              name="message-transition"
              tag="div"
            />
          </div>
        </div>
      </div>
    </div>
     
    <button
      class="v-btn v-btn--is-elevated v-btn--has-bg theme--light v-size--large primary"
      type="button"
    >
      <span
        class="v-btn__content"
      >
        
      BUSCAR
    
      </span>
    </button>
  </div>
   
  <!---->
</div>
`;
