// Jest Snapshot v1, https://goo.gl/fbAQLP

exports[`Pages / TheFooter when the page render should matches the screenshot 1`] = `
<footer
  class="v-footer v-sheet theme--light v-footer--padless"
>
  <div
    class="primary text-center v-card v-card--flat v-sheet theme--light rounded-0"
    style="width: 100%;"
  >
    <div
      class="v-card__text"
    >
      <a
        class="mx-4 v-btn v-btn--icon v-btn--round theme--light v-size--default"
        href="https://www.linkedin.com/company/codelab-unifesp/"
        target="_blank"
      >
        <span
          class="v-btn__content"
        >
          <i
            aria-hidden="true"
            class="v-icon notranslate mdi mdi-linkedin theme--light white--text"
            style="font-size: 24px;"
          />
        </span>
      </a>
      <a
        class="mx-4 v-btn v-btn--icon v-btn--round theme--light v-size--default"
        href="mailto:codelab.unifesp@gmail.com?subject=\\"link HTML\\""
        target="_blank"
      >
        <span
          class="v-btn__content"
        >
          <i
            aria-hidden="true"
            class="v-icon notranslate mdi mdi-email theme--light white--text"
            style="font-size: 24px;"
          />
        </span>
      </a>
      <a
        class="mx-4 v-btn v-btn--icon v-btn--round theme--light v-size--default"
        href="https://github.com/UnifespCodeLab"
        target="_blank"
      >
        <span
          class="v-btn__content"
        >
          <i
            aria-hidden="true"
            class="v-icon notranslate mdi mdi-github theme--light white--text"
            style="font-size: 24px;"
          />
        </span>
      </a>
    </div>
     
    <hr
      aria-orientation="horizontal"
      class="v-divider theme--light"
      role="separator"
    />
     
    <div
      class="v-card__text"
    >
      <a
        class="v-btn v-btn--router v-btn--text theme--light v-size--small white--text"
        id="btn-solicitacao"
      >
        <span
          class="v-btn__content"
        >
          
        NÃ£o encontrou sua rota? Nos informe aqui!
      
        </span>
      </a>
    </div>
  </div>
</footer>
`;
