// Jest Snapshot v1, https://goo.gl/fbAQLP

exports[`Pages / AdminPage should render the page 1`] = `
<div
  class="admin-page"
>
  <transition-stub
    class="admin-page__alert"
    name="scale-transition"
  >
    <div
      class="v-alert v-sheet theme--dark error"
      role="alert"
      style="display: none;"
    >
      <div
        class="v-alert__wrapper"
      >
        <i
          aria-hidden="true"
          class="v-icon notranslate v-alert__icon mdi mdi-alert theme--dark"
        />
        <div
          class="v-alert__content"
        >
          
    Não foi possível realizar o Login, tente novamente mais tarde.
  
        </div>
        <button
          aria-label="Close"
          class="v-alert__dismissible v-btn v-btn--icon v-btn--round theme--dark v-size--small"
          type="button"
        >
          <span
            class="v-btn__content"
          >
            <i
              aria-hidden="true"
              class="v-icon notranslate mdi mdi-close-circle theme--dark"
            />
          </span>
        </button>
      </div>
    </div>
  </transition-stub>
   
  <div
    class="admin-page__form"
  >
    <i
      aria-hidden="true"
      class="v-icon notranslate mb-6 mdi mdi-bus theme--light primary--text"
      style="font-size: 40px;"
    />
     
    <div
      class="admin-page__text text-center text-h6 mb-7"
    >
      Login usuário Administrador
    </div>
     
    <div
      class="v-input theme--light v-text-field v-text-field--single-line v-text-field--solo v-text-field--enclosed"
    >
      <div
        class="v-input__control"
      >
        <div
          class="v-input__slot"
        >
          <div
            class="v-text-field__slot"
          >
            <label
              class="v-label theme--light"
              for="input-8"
              style="left: 0px; position: absolute;"
            >
              E-mail
            </label>
            <input
              id="input-8"
              type="text"
            />
          </div>
        </div>
        <div
          class="v-text-field__details"
        >
          <div
            class="v-messages theme--light"
          >
            <transition-group-stub
              class="v-messages__wrapper"
              name="message-transition"
              tag="div"
            />
          </div>
        </div>
      </div>
    </div>
     
    <div
      class="v-input theme--light v-text-field v-text-field--single-line v-text-field--solo v-text-field--enclosed"
    >
      <div
        class="v-input__control"
      >
        <div
          class="v-input__slot"
        >
          <div
            class="v-text-field__slot"
          >
            <label
              class="v-label theme--light"
              for="input-11"
              style="left: 0px; position: absolute;"
            >
              Senha
            </label>
            <input
              id="input-11"
              type="password"
            />
          </div>
        </div>
        <div
          class="v-text-field__details"
        >
          <div
            class="v-messages theme--light"
          >
            <transition-group-stub
              class="v-messages__wrapper"
              name="message-transition"
              tag="div"
            />
          </div>
        </div>
      </div>
    </div>
     
    <button
      class="mb-6 v-btn v-btn--block v-btn--is-elevated v-btn--has-bg theme--light elevation-2 v-size--large primary"
      type="button"
    >
      <span
        class="v-btn__content"
      >
        
      enviar
    
      </span>
    </button>
     
    <div
      class="admin-page__text text-center text-caption color-gray"
    >
      Esqueceu sua senha?
    </div>
  </div>
</div>
`;
